// Jest Snapshot v1, https://goo.gl/fbAQLP

exports[`StatusBadge displays warning when autoResolveType is set and "children" is a node 1`] = `
Array [
  "'autoResolveType' prop requires a non-string status value",
]
`;
