// Jest Snapshot v1, https://goo.gl/fbAQLP

exports[`StatusBadge should render loading state initially 1`] = `
<span
  className="fd-badge"
>
  INITIAL
</span>
`;
