// Jest Snapshot v1, https://goo.gl/fbAQLP

exports[`ServiceBindingsService Render with minimal props 1`] = `
<div>
  foobar
</div>
`;
