// Jest Snapshot v1, https://goo.gl/fbAQLP

exports[`Search classes by name Add-Ons tab has proper counter 1`] = `
Array [
  Array [
    "Warning: componentWillMount has been renamed, and is not recommended for use. See https://fb.me/react-unsafe-component-lifecycles for details.

* Move code with side effects to componentDidMount, and set initial state in the constructor.
* Rename componentWillMount to UNSAFE_componentWillMount to suppress this warning in non-strict mode. In React 17.x, only the UNSAFE_ name will work. To rename all deprecated lifecycles to their new names, you can run \`npx react-codemod rename-unsafe-lifecycles\` in your project source folder.

Please update the following components: styled.div",
  ],
  Array [
    "Warning: componentWillReceiveProps has been renamed, and is not recommended for use. See https://fb.me/react-unsafe-component-lifecycles for details.

* Move data fetching code or side effects to componentDidUpdate.
* If you're updating state whenever props change, refactor your code to use memoization techniques or move it to static getDerivedStateFromProps. Learn more at: https://fb.me/react-derived-state
* Rename componentWillReceiveProps to UNSAFE_componentWillReceiveProps to suppress this warning in non-strict mode. In React 17.x, only the UNSAFE_ name will work. To rename all deprecated lifecycles to their new names, you can run \`npx react-codemod rename-unsafe-lifecycles\` in your project source folder.

Please update the following components: styled.div",
  ],
  Array [
    "Warning: componentWillMount has been renamed, and is not recommended for use. See https://fb.me/react-unsafe-component-lifecycles for details.

* Move code with side effects to componentDidMount, and set initial state in the constructor.
* Rename componentWillMount to UNSAFE_componentWillMount to suppress this warning in non-strict mode. In React 17.x, only the UNSAFE_ name will work. To rename all deprecated lifecycles to their new names, you can run \`npx react-codemod rename-unsafe-lifecycles\` in your project source folder.

Please update the following components: Styled(ActionBar), Styled(ActionBar.Actions), Styled(ActionBar.Header), Styled(Image), Styled(Panel), Styled(Panel.Body), Styled(Panel.Header), Styled(Tile), Styled(Tile.Content), Styled(Tile.Media), Styled(Token), styled.div, styled.li, styled.ul",
  ],
  Array [
    "Warning: componentWillReceiveProps has been renamed, and is not recommended for use. See https://fb.me/react-unsafe-component-lifecycles for details.

* Move data fetching code or side effects to componentDidUpdate.
* If you're updating state whenever props change, refactor your code to use memoization techniques or move it to static getDerivedStateFromProps. Learn more at: https://fb.me/react-derived-state
* Rename componentWillReceiveProps to UNSAFE_componentWillReceiveProps to suppress this warning in non-strict mode. In React 17.x, only the UNSAFE_ name will work. To rename all deprecated lifecycles to their new names, you can run \`npx react-codemod rename-unsafe-lifecycles\` in your project source folder.

Please update the following components: Styled(ActionBar), Styled(ActionBar.Actions), Styled(ActionBar.Header), Styled(Image), Styled(Panel), Styled(Panel.Body), Styled(Panel.Header), Styled(Tile), Styled(Tile.Content), Styled(Tile.Media), Styled(Token), styled.div, styled.li, styled.ul",
  ],
]
`;

exports[`Search classes by name Add-Ons tab shows only matching items 1`] = `
Array [
  Array [
    "Warning: componentWillMount has been renamed, and is not recommended for use. See https://fb.me/react-unsafe-component-lifecycles for details.

* Move code with side effects to componentDidMount, and set initial state in the constructor.
* Rename componentWillMount to UNSAFE_componentWillMount to suppress this warning in non-strict mode. In React 17.x, only the UNSAFE_ name will work. To rename all deprecated lifecycles to their new names, you can run \`npx react-codemod rename-unsafe-lifecycles\` in your project source folder.

Please update the following components: styled.div",
  ],
  Array [
    "Warning: componentWillReceiveProps has been renamed, and is not recommended for use. See https://fb.me/react-unsafe-component-lifecycles for details.

* Move data fetching code or side effects to componentDidUpdate.
* If you're updating state whenever props change, refactor your code to use memoization techniques or move it to static getDerivedStateFromProps. Learn more at: https://fb.me/react-derived-state
* Rename componentWillReceiveProps to UNSAFE_componentWillReceiveProps to suppress this warning in non-strict mode. In React 17.x, only the UNSAFE_ name will work. To rename all deprecated lifecycles to their new names, you can run \`npx react-codemod rename-unsafe-lifecycles\` in your project source folder.

Please update the following components: styled.div",
  ],
  Array [
    "Warning: componentWillMount has been renamed, and is not recommended for use. See https://fb.me/react-unsafe-component-lifecycles for details.

* Move code with side effects to componentDidMount, and set initial state in the constructor.
* Rename componentWillMount to UNSAFE_componentWillMount to suppress this warning in non-strict mode. In React 17.x, only the UNSAFE_ name will work. To rename all deprecated lifecycles to their new names, you can run \`npx react-codemod rename-unsafe-lifecycles\` in your project source folder.

Please update the following components: Styled(ActionBar), Styled(ActionBar.Actions), Styled(ActionBar.Header), Styled(Image), Styled(Panel), Styled(Panel.Body), Styled(Panel.Header), Styled(Tile), Styled(Tile.Content), Styled(Tile.Media), Styled(Token), styled.div, styled.li, styled.ul",
  ],
  Array [
    "Warning: componentWillReceiveProps has been renamed, and is not recommended for use. See https://fb.me/react-unsafe-component-lifecycles for details.

* Move data fetching code or side effects to componentDidUpdate.
* If you're updating state whenever props change, refactor your code to use memoization techniques or move it to static getDerivedStateFromProps. Learn more at: https://fb.me/react-derived-state
* Rename componentWillReceiveProps to UNSAFE_componentWillReceiveProps to suppress this warning in non-strict mode. In React 17.x, only the UNSAFE_ name will work. To rename all deprecated lifecycles to their new names, you can run \`npx react-codemod rename-unsafe-lifecycles\` in your project source folder.

Please update the following components: Styled(ActionBar), Styled(ActionBar.Actions), Styled(ActionBar.Header), Styled(Image), Styled(Panel), Styled(Panel.Body), Styled(Panel.Header), Styled(Tile), Styled(Tile.Content), Styled(Tile.Media), Styled(Token), styled.div, styled.li, styled.ul",
  ],
]
`;

exports[`Search classes by name Services tab has proper counter 1`] = `
Array [
  Array [
    "Warning: componentWillMount has been renamed, and is not recommended for use. See https://fb.me/react-unsafe-component-lifecycles for details.

* Move code with side effects to componentDidMount, and set initial state in the constructor.
* Rename componentWillMount to UNSAFE_componentWillMount to suppress this warning in non-strict mode. In React 17.x, only the UNSAFE_ name will work. To rename all deprecated lifecycles to their new names, you can run \`npx react-codemod rename-unsafe-lifecycles\` in your project source folder.

Please update the following components: styled.div",
  ],
  Array [
    "Warning: componentWillReceiveProps has been renamed, and is not recommended for use. See https://fb.me/react-unsafe-component-lifecycles for details.

* Move data fetching code or side effects to componentDidUpdate.
* If you're updating state whenever props change, refactor your code to use memoization techniques or move it to static getDerivedStateFromProps. Learn more at: https://fb.me/react-derived-state
* Rename componentWillReceiveProps to UNSAFE_componentWillReceiveProps to suppress this warning in non-strict mode. In React 17.x, only the UNSAFE_ name will work. To rename all deprecated lifecycles to their new names, you can run \`npx react-codemod rename-unsafe-lifecycles\` in your project source folder.

Please update the following components: styled.div",
  ],
  Array [
    "Warning: componentWillMount has been renamed, and is not recommended for use. See https://fb.me/react-unsafe-component-lifecycles for details.

* Move code with side effects to componentDidMount, and set initial state in the constructor.
* Rename componentWillMount to UNSAFE_componentWillMount to suppress this warning in non-strict mode. In React 17.x, only the UNSAFE_ name will work. To rename all deprecated lifecycles to their new names, you can run \`npx react-codemod rename-unsafe-lifecycles\` in your project source folder.

Please update the following components: Styled(ActionBar), Styled(ActionBar.Actions), Styled(ActionBar.Header), Styled(Image), Styled(Panel), Styled(Panel.Body), Styled(Panel.Header), Styled(Tile), Styled(Tile.Content), Styled(Tile.Media), Styled(Token), styled.div, styled.li, styled.ul",
  ],
  Array [
    "Warning: componentWillReceiveProps has been renamed, and is not recommended for use. See https://fb.me/react-unsafe-component-lifecycles for details.

* Move data fetching code or side effects to componentDidUpdate.
* If you're updating state whenever props change, refactor your code to use memoization techniques or move it to static getDerivedStateFromProps. Learn more at: https://fb.me/react-derived-state
* Rename componentWillReceiveProps to UNSAFE_componentWillReceiveProps to suppress this warning in non-strict mode. In React 17.x, only the UNSAFE_ name will work. To rename all deprecated lifecycles to their new names, you can run \`npx react-codemod rename-unsafe-lifecycles\` in your project source folder.

Please update the following components: Styled(ActionBar), Styled(ActionBar.Actions), Styled(ActionBar.Header), Styled(Image), Styled(Panel), Styled(Panel.Body), Styled(Panel.Header), Styled(Tile), Styled(Tile.Content), Styled(Tile.Media), Styled(Token), styled.div, styled.li, styled.ul",
  ],
]
`;

exports[`Search classes by name Services tab shows only matching items 1`] = `
Array [
  Array [
    "Warning: componentWillMount has been renamed, and is not recommended for use. See https://fb.me/react-unsafe-component-lifecycles for details.

* Move code with side effects to componentDidMount, and set initial state in the constructor.
* Rename componentWillMount to UNSAFE_componentWillMount to suppress this warning in non-strict mode. In React 17.x, only the UNSAFE_ name will work. To rename all deprecated lifecycles to their new names, you can run \`npx react-codemod rename-unsafe-lifecycles\` in your project source folder.

Please update the following components: styled.div",
  ],
  Array [
    "Warning: componentWillReceiveProps has been renamed, and is not recommended for use. See https://fb.me/react-unsafe-component-lifecycles for details.

* Move data fetching code or side effects to componentDidUpdate.
* If you're updating state whenever props change, refactor your code to use memoization techniques or move it to static getDerivedStateFromProps. Learn more at: https://fb.me/react-derived-state
* Rename componentWillReceiveProps to UNSAFE_componentWillReceiveProps to suppress this warning in non-strict mode. In React 17.x, only the UNSAFE_ name will work. To rename all deprecated lifecycles to their new names, you can run \`npx react-codemod rename-unsafe-lifecycles\` in your project source folder.

Please update the following components: styled.div",
  ],
  Array [
    "Warning: componentWillMount has been renamed, and is not recommended for use. See https://fb.me/react-unsafe-component-lifecycles for details.

* Move code with side effects to componentDidMount, and set initial state in the constructor.
* Rename componentWillMount to UNSAFE_componentWillMount to suppress this warning in non-strict mode. In React 17.x, only the UNSAFE_ name will work. To rename all deprecated lifecycles to their new names, you can run \`npx react-codemod rename-unsafe-lifecycles\` in your project source folder.

Please update the following components: Styled(ActionBar), Styled(ActionBar.Actions), Styled(ActionBar.Header), Styled(Image), Styled(Panel), Styled(Panel.Body), Styled(Panel.Header), Styled(Tile), Styled(Tile.Content), Styled(Tile.Media), Styled(Token), styled.div, styled.li, styled.ul",
  ],
  Array [
    "Warning: componentWillReceiveProps has been renamed, and is not recommended for use. See https://fb.me/react-unsafe-component-lifecycles for details.

* Move data fetching code or side effects to componentDidUpdate.
* If you're updating state whenever props change, refactor your code to use memoization techniques or move it to static getDerivedStateFromProps. Learn more at: https://fb.me/react-derived-state
* Rename componentWillReceiveProps to UNSAFE_componentWillReceiveProps to suppress this warning in non-strict mode. In React 17.x, only the UNSAFE_ name will work. To rename all deprecated lifecycles to their new names, you can run \`npx react-codemod rename-unsafe-lifecycles\` in your project source folder.

Please update the following components: Styled(ActionBar), Styled(ActionBar.Actions), Styled(ActionBar.Header), Styled(Image), Styled(Panel), Styled(Panel.Body), Styled(Panel.Header), Styled(Tile), Styled(Tile.Content), Styled(Tile.Media), Styled(Token), styled.div, styled.li, styled.ul",
  ],
]
`;

exports[`Search classes by name Set search text 1`] = `
Array [
  Array [
    "Warning: componentWillMount has been renamed, and is not recommended for use. See https://fb.me/react-unsafe-component-lifecycles for details.

* Move code with side effects to componentDidMount, and set initial state in the constructor.
* Rename componentWillMount to UNSAFE_componentWillMount to suppress this warning in non-strict mode. In React 17.x, only the UNSAFE_ name will work. To rename all deprecated lifecycles to their new names, you can run \`npx react-codemod rename-unsafe-lifecycles\` in your project source folder.

Please update the following components: styled.div",
  ],
  Array [
    "Warning: componentWillReceiveProps has been renamed, and is not recommended for use. See https://fb.me/react-unsafe-component-lifecycles for details.

* Move data fetching code or side effects to componentDidUpdate.
* If you're updating state whenever props change, refactor your code to use memoization techniques or move it to static getDerivedStateFromProps. Learn more at: https://fb.me/react-derived-state
* Rename componentWillReceiveProps to UNSAFE_componentWillReceiveProps to suppress this warning in non-strict mode. In React 17.x, only the UNSAFE_ name will work. To rename all deprecated lifecycles to their new names, you can run \`npx react-codemod rename-unsafe-lifecycles\` in your project source folder.

Please update the following components: styled.div",
  ],
  Array [
    "Warning: componentWillMount has been renamed, and is not recommended for use. See https://fb.me/react-unsafe-component-lifecycles for details.

* Move code with side effects to componentDidMount, and set initial state in the constructor.
* Rename componentWillMount to UNSAFE_componentWillMount to suppress this warning in non-strict mode. In React 17.x, only the UNSAFE_ name will work. To rename all deprecated lifecycles to their new names, you can run \`npx react-codemod rename-unsafe-lifecycles\` in your project source folder.

Please update the following components: Styled(ActionBar), Styled(ActionBar.Actions), Styled(ActionBar.Header), Styled(Image), Styled(Panel), Styled(Panel.Body), Styled(Panel.Header), Styled(Tile), Styled(Tile.Content), Styled(Tile.Media), Styled(Token), styled.div, styled.li, styled.ul",
  ],
  Array [
    "Warning: componentWillReceiveProps has been renamed, and is not recommended for use. See https://fb.me/react-unsafe-component-lifecycles for details.

* Move data fetching code or side effects to componentDidUpdate.
* If you're updating state whenever props change, refactor your code to use memoization techniques or move it to static getDerivedStateFromProps. Learn more at: https://fb.me/react-derived-state
* Rename componentWillReceiveProps to UNSAFE_componentWillReceiveProps to suppress this warning in non-strict mode. In React 17.x, only the UNSAFE_ name will work. To rename all deprecated lifecycles to their new names, you can run \`npx react-codemod rename-unsafe-lifecycles\` in your project source folder.

Please update the following components: Styled(ActionBar), Styled(ActionBar.Actions), Styled(ActionBar.Header), Styled(Image), Styled(Panel), Styled(Panel.Body), Styled(Panel.Header), Styled(Tile), Styled(Tile.Content), Styled(Tile.Media), Styled(Token), styled.div, styled.li, styled.ul",
  ],
]
`;

exports[`Search classes by other attributes By description 1`] = `
Array [
  Array [
    "Warning: componentWillMount has been renamed, and is not recommended for use. See https://fb.me/react-unsafe-component-lifecycles for details.

* Move code with side effects to componentDidMount, and set initial state in the constructor.
* Rename componentWillMount to UNSAFE_componentWillMount to suppress this warning in non-strict mode. In React 17.x, only the UNSAFE_ name will work. To rename all deprecated lifecycles to their new names, you can run \`npx react-codemod rename-unsafe-lifecycles\` in your project source folder.

Please update the following components: styled.div",
  ],
  Array [
    "Warning: componentWillReceiveProps has been renamed, and is not recommended for use. See https://fb.me/react-unsafe-component-lifecycles for details.

* Move data fetching code or side effects to componentDidUpdate.
* If you're updating state whenever props change, refactor your code to use memoization techniques or move it to static getDerivedStateFromProps. Learn more at: https://fb.me/react-derived-state
* Rename componentWillReceiveProps to UNSAFE_componentWillReceiveProps to suppress this warning in non-strict mode. In React 17.x, only the UNSAFE_ name will work. To rename all deprecated lifecycles to their new names, you can run \`npx react-codemod rename-unsafe-lifecycles\` in your project source folder.

Please update the following components: styled.div",
  ],
  Array [
    "Warning: componentWillMount has been renamed, and is not recommended for use. See https://fb.me/react-unsafe-component-lifecycles for details.

* Move code with side effects to componentDidMount, and set initial state in the constructor.
* Rename componentWillMount to UNSAFE_componentWillMount to suppress this warning in non-strict mode. In React 17.x, only the UNSAFE_ name will work. To rename all deprecated lifecycles to their new names, you can run \`npx react-codemod rename-unsafe-lifecycles\` in your project source folder.

Please update the following components: Styled(ActionBar), Styled(ActionBar.Actions), Styled(ActionBar.Header), Styled(Image), Styled(Panel), Styled(Panel.Body), Styled(Panel.Header), Styled(Tile), Styled(Tile.Content), Styled(Tile.Media), Styled(Token), styled.div, styled.li, styled.ul",
  ],
  Array [
    "Warning: componentWillReceiveProps has been renamed, and is not recommended for use. See https://fb.me/react-unsafe-component-lifecycles for details.

* Move data fetching code or side effects to componentDidUpdate.
* If you're updating state whenever props change, refactor your code to use memoization techniques or move it to static getDerivedStateFromProps. Learn more at: https://fb.me/react-derived-state
* Rename componentWillReceiveProps to UNSAFE_componentWillReceiveProps to suppress this warning in non-strict mode. In React 17.x, only the UNSAFE_ name will work. To rename all deprecated lifecycles to their new names, you can run \`npx react-codemod rename-unsafe-lifecycles\` in your project source folder.

Please update the following components: Styled(ActionBar), Styled(ActionBar.Actions), Styled(ActionBar.Header), Styled(Image), Styled(Panel), Styled(Panel.Body), Styled(Panel.Header), Styled(Tile), Styled(Tile.Content), Styled(Tile.Media), Styled(Token), styled.div, styled.li, styled.ul",
  ],
]
`;

exports[`Search classes by other attributes By provider 1`] = `
Array [
  Array [
    "Warning: componentWillMount has been renamed, and is not recommended for use. See https://fb.me/react-unsafe-component-lifecycles for details.

* Move code with side effects to componentDidMount, and set initial state in the constructor.
* Rename componentWillMount to UNSAFE_componentWillMount to suppress this warning in non-strict mode. In React 17.x, only the UNSAFE_ name will work. To rename all deprecated lifecycles to their new names, you can run \`npx react-codemod rename-unsafe-lifecycles\` in your project source folder.

Please update the following components: styled.div",
  ],
  Array [
    "Warning: componentWillReceiveProps has been renamed, and is not recommended for use. See https://fb.me/react-unsafe-component-lifecycles for details.

* Move data fetching code or side effects to componentDidUpdate.
* If you're updating state whenever props change, refactor your code to use memoization techniques or move it to static getDerivedStateFromProps. Learn more at: https://fb.me/react-derived-state
* Rename componentWillReceiveProps to UNSAFE_componentWillReceiveProps to suppress this warning in non-strict mode. In React 17.x, only the UNSAFE_ name will work. To rename all deprecated lifecycles to their new names, you can run \`npx react-codemod rename-unsafe-lifecycles\` in your project source folder.

Please update the following components: styled.div",
  ],
  Array [
    "Warning: componentWillMount has been renamed, and is not recommended for use. See https://fb.me/react-unsafe-component-lifecycles for details.

* Move code with side effects to componentDidMount, and set initial state in the constructor.
* Rename componentWillMount to UNSAFE_componentWillMount to suppress this warning in non-strict mode. In React 17.x, only the UNSAFE_ name will work. To rename all deprecated lifecycles to their new names, you can run \`npx react-codemod rename-unsafe-lifecycles\` in your project source folder.

Please update the following components: Styled(ActionBar), Styled(ActionBar.Actions), Styled(ActionBar.Header), Styled(Image), Styled(Panel), Styled(Panel.Body), Styled(Panel.Header), Styled(Tile), Styled(Tile.Content), Styled(Tile.Media), Styled(Token), styled.div, styled.li, styled.ul",
  ],
  Array [
    "Warning: componentWillReceiveProps has been renamed, and is not recommended for use. See https://fb.me/react-unsafe-component-lifecycles for details.

* Move data fetching code or side effects to componentDidUpdate.
* If you're updating state whenever props change, refactor your code to use memoization techniques or move it to static getDerivedStateFromProps. Learn more at: https://fb.me/react-derived-state
* Rename componentWillReceiveProps to UNSAFE_componentWillReceiveProps to suppress this warning in non-strict mode. In React 17.x, only the UNSAFE_ name will work. To rename all deprecated lifecycles to their new names, you can run \`npx react-codemod rename-unsafe-lifecycles\` in your project source folder.

Please update the following components: Styled(ActionBar), Styled(ActionBar.Actions), Styled(ActionBar.Header), Styled(Image), Styled(Panel), Styled(Panel.Body), Styled(Panel.Header), Styled(Tile), Styled(Tile.Content), Styled(Tile.Media), Styled(Token), styled.div, styled.li, styled.ul",
  ],
]
`;

exports[`ServiceClassList UI Displays classes with their corresponding names on the add-ons/services list 1`] = `
Array [
  Array [
    "Warning: componentWillMount has been renamed, and is not recommended for use. See https://fb.me/react-unsafe-component-lifecycles for details.

* Move code with side effects to componentDidMount, and set initial state in the constructor.
* Rename componentWillMount to UNSAFE_componentWillMount to suppress this warning in non-strict mode. In React 17.x, only the UNSAFE_ name will work. To rename all deprecated lifecycles to their new names, you can run \`npx react-codemod rename-unsafe-lifecycles\` in your project source folder.

Please update the following components: styled.div",
  ],
  Array [
    "Warning: componentWillReceiveProps has been renamed, and is not recommended for use. See https://fb.me/react-unsafe-component-lifecycles for details.

* Move data fetching code or side effects to componentDidUpdate.
* If you're updating state whenever props change, refactor your code to use memoization techniques or move it to static getDerivedStateFromProps. Learn more at: https://fb.me/react-derived-state
* Rename componentWillReceiveProps to UNSAFE_componentWillReceiveProps to suppress this warning in non-strict mode. In React 17.x, only the UNSAFE_ name will work. To rename all deprecated lifecycles to their new names, you can run \`npx react-codemod rename-unsafe-lifecycles\` in your project source folder.

Please update the following components: styled.div",
  ],
  Array [
    "Warning: componentWillMount has been renamed, and is not recommended for use. See https://fb.me/react-unsafe-component-lifecycles for details.

* Move code with side effects to componentDidMount, and set initial state in the constructor.
* Rename componentWillMount to UNSAFE_componentWillMount to suppress this warning in non-strict mode. In React 17.x, only the UNSAFE_ name will work. To rename all deprecated lifecycles to their new names, you can run \`npx react-codemod rename-unsafe-lifecycles\` in your project source folder.

Please update the following components: Styled(ActionBar), Styled(ActionBar.Actions), Styled(ActionBar.Header), Styled(Image), Styled(Panel), Styled(Panel.Body), Styled(Panel.Header), Styled(Tile), Styled(Tile.Content), Styled(Tile.Media), Styled(Token), styled.div, styled.li, styled.ul",
  ],
  Array [
    "Warning: componentWillReceiveProps has been renamed, and is not recommended for use. See https://fb.me/react-unsafe-component-lifecycles for details.

* Move data fetching code or side effects to componentDidUpdate.
* If you're updating state whenever props change, refactor your code to use memoization techniques or move it to static getDerivedStateFromProps. Learn more at: https://fb.me/react-derived-state
* Rename componentWillReceiveProps to UNSAFE_componentWillReceiveProps to suppress this warning in non-strict mode. In React 17.x, only the UNSAFE_ name will work. To rename all deprecated lifecycles to their new names, you can run \`npx react-codemod rename-unsafe-lifecycles\` in your project source folder.

Please update the following components: Styled(ActionBar), Styled(ActionBar.Actions), Styled(ActionBar.Header), Styled(Image), Styled(Panel), Styled(Panel.Body), Styled(Panel.Header), Styled(Tile), Styled(Tile.Content), Styled(Tile.Media), Styled(Token), styled.div, styled.li, styled.ul",
  ],
]
`;

exports[`ServiceClassList UI Navigates to Service Catalog details 1`] = `
Array [
  Array [
    "Warning: componentWillMount has been renamed, and is not recommended for use. See https://fb.me/react-unsafe-component-lifecycles for details.

* Move code with side effects to componentDidMount, and set initial state in the constructor.
* Rename componentWillMount to UNSAFE_componentWillMount to suppress this warning in non-strict mode. In React 17.x, only the UNSAFE_ name will work. To rename all deprecated lifecycles to their new names, you can run \`npx react-codemod rename-unsafe-lifecycles\` in your project source folder.

Please update the following components: styled.div",
  ],
  Array [
    "Warning: componentWillReceiveProps has been renamed, and is not recommended for use. See https://fb.me/react-unsafe-component-lifecycles for details.

* Move data fetching code or side effects to componentDidUpdate.
* If you're updating state whenever props change, refactor your code to use memoization techniques or move it to static getDerivedStateFromProps. Learn more at: https://fb.me/react-derived-state
* Rename componentWillReceiveProps to UNSAFE_componentWillReceiveProps to suppress this warning in non-strict mode. In React 17.x, only the UNSAFE_ name will work. To rename all deprecated lifecycles to their new names, you can run \`npx react-codemod rename-unsafe-lifecycles\` in your project source folder.

Please update the following components: styled.div",
  ],
  Array [
    "Warning: componentWillMount has been renamed, and is not recommended for use. See https://fb.me/react-unsafe-component-lifecycles for details.

* Move code with side effects to componentDidMount, and set initial state in the constructor.
* Rename componentWillMount to UNSAFE_componentWillMount to suppress this warning in non-strict mode. In React 17.x, only the UNSAFE_ name will work. To rename all deprecated lifecycles to their new names, you can run \`npx react-codemod rename-unsafe-lifecycles\` in your project source folder.

Please update the following components: Styled(ActionBar), Styled(ActionBar.Actions), Styled(ActionBar.Header), Styled(Image), Styled(Panel), Styled(Panel.Body), Styled(Panel.Header), Styled(Tile), Styled(Tile.Content), Styled(Tile.Media), Styled(Token), styled.div, styled.li, styled.ul",
  ],
  Array [
    "Warning: componentWillReceiveProps has been renamed, and is not recommended for use. See https://fb.me/react-unsafe-component-lifecycles for details.

* Move data fetching code or side effects to componentDidUpdate.
* If you're updating state whenever props change, refactor your code to use memoization techniques or move it to static getDerivedStateFromProps. Learn more at: https://fb.me/react-derived-state
* Rename componentWillReceiveProps to UNSAFE_componentWillReceiveProps to suppress this warning in non-strict mode. In React 17.x, only the UNSAFE_ name will work. To rename all deprecated lifecycles to their new names, you can run \`npx react-codemod rename-unsafe-lifecycles\` in your project source folder.

Please update the following components: Styled(ActionBar), Styled(ActionBar.Actions), Styled(ActionBar.Header), Styled(Image), Styled(Panel), Styled(Panel.Body), Styled(Panel.Header), Styled(Tile), Styled(Tile.Content), Styled(Tile.Media), Styled(Token), styled.div, styled.li, styled.ul",
  ],
]
`;

exports[`ServiceClassList UI Shows loading indicator only when data is not yet loaded 1`] = `
Array [
  Array [
    "Warning: componentWillMount has been renamed, and is not recommended for use. See https://fb.me/react-unsafe-component-lifecycles for details.

* Move code with side effects to componentDidMount, and set initial state in the constructor.
* Rename componentWillMount to UNSAFE_componentWillMount to suppress this warning in non-strict mode. In React 17.x, only the UNSAFE_ name will work. To rename all deprecated lifecycles to their new names, you can run \`npx react-codemod rename-unsafe-lifecycles\` in your project source folder.

Please update the following components: styled.div",
  ],
  Array [
    "Warning: componentWillReceiveProps has been renamed, and is not recommended for use. See https://fb.me/react-unsafe-component-lifecycles for details.

* Move data fetching code or side effects to componentDidUpdate.
* If you're updating state whenever props change, refactor your code to use memoization techniques or move it to static getDerivedStateFromProps. Learn more at: https://fb.me/react-derived-state
* Rename componentWillReceiveProps to UNSAFE_componentWillReceiveProps to suppress this warning in non-strict mode. In React 17.x, only the UNSAFE_ name will work. To rename all deprecated lifecycles to their new names, you can run \`npx react-codemod rename-unsafe-lifecycles\` in your project source folder.

Please update the following components: styled.div",
  ],
  Array [
    "Warning: componentWillMount has been renamed, and is not recommended for use. See https://fb.me/react-unsafe-component-lifecycles for details.

* Move code with side effects to componentDidMount, and set initial state in the constructor.
* Rename componentWillMount to UNSAFE_componentWillMount to suppress this warning in non-strict mode. In React 17.x, only the UNSAFE_ name will work. To rename all deprecated lifecycles to their new names, you can run \`npx react-codemod rename-unsafe-lifecycles\` in your project source folder.

Please update the following components: Styled(ActionBar), Styled(ActionBar.Actions), Styled(ActionBar.Header), Styled(Image), Styled(Panel), Styled(Panel.Body), Styled(Panel.Header), Styled(Tile), Styled(Tile.Content), Styled(Tile.Media), Styled(Token), styled.div, styled.li, styled.ul",
  ],
  Array [
    "Warning: componentWillReceiveProps has been renamed, and is not recommended for use. See https://fb.me/react-unsafe-component-lifecycles for details.

* Move data fetching code or side effects to componentDidUpdate.
* If you're updating state whenever props change, refactor your code to use memoization techniques or move it to static getDerivedStateFromProps. Learn more at: https://fb.me/react-derived-state
* Rename componentWillReceiveProps to UNSAFE_componentWillReceiveProps to suppress this warning in non-strict mode. In React 17.x, only the UNSAFE_ name will work. To rename all deprecated lifecycles to their new names, you can run \`npx react-codemod rename-unsafe-lifecycles\` in your project source folder.

Please update the following components: Styled(ActionBar), Styled(ActionBar.Actions), Styled(ActionBar.Header), Styled(Image), Styled(Panel), Styled(Panel.Body), Styled(Panel.Header), Styled(Tile), Styled(Tile.Content), Styled(Tile.Media), Styled(Token), styled.div, styled.li, styled.ul",
  ],
]
`;
