// Jest Snapshot v1, https://goo.gl/fbAQLP

exports[`CreateRuntimeForm Renders with minimal props 1`] = `
<form
  onChange={[Function]}
  onSubmit={[Function]}
>
  <div
    className="fd-form__set"
  >
    <div
      className="fd-form__item"
    >
      <label
        className="fd-form__label"
        htmlFor="runtime-name"
      >
        Name *
        <span
          className="fd-inline-help"
        >
          <span
            className="fd-inline-help__content fd-inline-help__content--bottom-right"
          >
            Name must be no longer than 63 characters, must start and end with a lowercase letter or number, and may contain lowercase letters, numbers, and dashes.
          </span>
        </span>
      </label>
      <input
        aria-required="true"
        className="fd-form__control"
        id="runtime-name"
        pattern="^[a-z0-9]([-a-z0-9]*[a-z0-9])?(\\\\.[a-z0-9]([-a-z0-9]*[a-z0-9])?)*$"
        placeholder="Runtime name"
        required={true}
        type="text"
      />
    </div>
    <div
      className="fd-form__item"
    >
      <label
        className="fd-form__label"
        htmlFor="runtime-desc"
      >
        Description
      </label>
      <input
        className="fd-form__control"
        id="runtime-desc"
        placeholder="Runtime description"
        type="text"
      />
    </div>
  </div>
</form>
`;

exports[`CreateRuntimeForm Renders with minimal props 2`] = `
"Warning: componentWillReceiveProps has been renamed, and is not recommended for use. See https://fb.me/react-unsafe-component-lifecycles for details.

* Move data fetching code or side effects to componentDidUpdate.
* If you're updating state whenever props change, refactor your code to use memoization techniques or move it to static getDerivedStateFromProps. Learn more at: https://fb.me/react-derived-state
* Rename componentWillReceiveProps to UNSAFE_componentWillReceiveProps to suppress this warning in non-strict mode. In React 17.x, only the UNSAFE_ name will work. To rename all deprecated lifecycles to their new names, you can run \`npx react-codemod rename-unsafe-lifecycles\` in your project source folder.

Please update the following components: Mutation"
`;
