// Jest Snapshot v1, https://goo.gl/fbAQLP

exports[`Labels Labels should render with labels 1`] = `
<span
  className="fd-token y-fd-token y-fd-token--no-button y-fd-token--gap"
  role="button"
>
  testLabel=testValue
</span>
`;

exports[`Labels Labels should render with no labels 1`] = `
<span>
  -
</span>
`;
